// Vitest Snapshot v1, https://vitest.dev/guide/snapshot.html

exports[`StatusTabs/Default matches snapshot 1`] = `
<div>
  <div
    class="flex items-center gap-1"
  >
    <button
      class="bg-accent text-accent-foreground flex items-center gap-1.5 rounded-md px-3 py-1.5 text-sm font-medium"
    >
      <svg
        aria-hidden="true"
        class="lucide lucide-circle-dot size-4"
        fill="none"
        height="24"
        stroke="currentColor"
        stroke-linecap="round"
        stroke-linejoin="round"
        stroke-width="2"
        viewBox="0 0 24 24"
        width="24"
        xmlns="http://www.w3.org/2000/svg"
      >
        <circle
          cx="12"
          cy="12"
          r="1"
        />
        <circle
          cx="12"
          cy="12"
          r="10"
        />
      </svg>
      Open
      <span
        class="bg-muted ml-0.5 rounded-full px-1.5 py-0.5 text-xs leading-none tabular-nums"
      >
        12
      </span>
    </button>
    <button
      class="text-muted-foreground hover:bg-accent/50 hover:text-foreground flex items-center gap-1.5 rounded-md px-3 py-1.5 text-sm font-medium"
    >
      <svg
        aria-hidden="true"
        class="lucide lucide-circle-check lucide-check-circle-2 size-4"
        fill="none"
        height="24"
        stroke="currentColor"
        stroke-linecap="round"
        stroke-linejoin="round"
        stroke-width="2"
        viewBox="0 0 24 24"
        width="24"
        xmlns="http://www.w3.org/2000/svg"
      >
        <circle
          cx="12"
          cy="12"
          r="10"
        />
        <path
          d="m16 9-5.5 5.5L8 12"
        />
      </svg>
      Closed
      <span
        class="bg-muted ml-0.5 rounded-full px-1.5 py-0.5 text-xs leading-none tabular-nums"
      >
        5
      </span>
    </button>
  </div>
</div>
`;
