// Vitest Snapshot v1, https://vitest.dev/guide/snapshot.html

exports[`Popover/Closed matches snapshot 1`] = `
<div>
  <button
    aria-expanded="false"
    aria-haspopup="dialog"
    class="group/button inline-flex shrink-0 items-center justify-center border bg-clip-padding text-sm font-medium whitespace-nowrap transition-all outline-none select-none focus-visible:border-ring focus-visible:ring-3 focus-visible:ring-ring/50 active:not-aria-[haspopup]:translate-y-px disabled:pointer-events-none disabled:opacity-50 aria-invalid:border-destructive aria-invalid:ring-3 aria-invalid:ring-destructive/20 dark:aria-invalid:border-destructive/50 dark:aria-invalid:ring-destructive/40 [&_svg]:pointer-events-none [&_svg]:shrink-0 [&_svg:not([class*='size-'])]:size-4 border-border bg-background shadow-xs hover:bg-muted hover:text-foreground aria-expanded:bg-muted aria-expanded:text-foreground dark:border-input dark:bg-input/30 dark:hover:bg-input/50 h-8 gap-1 rounded-[min(var(--radius-md),10px)] px-2.5 in-data-[slot=button-group]:rounded-md has-data-[icon=inline-end]:pr-1.5 has-data-[icon=inline-start]:pl-1.5"
    data-base-ui-click-trigger=""
    data-slot="popover-trigger"
    id="base-ui-_r_7_"
    tabindex="0"
    type="button"
  >
    <svg
      aria-hidden="true"
      class="lucide lucide-settings size-4"
      fill="none"
      height="24"
      stroke="currentColor"
      stroke-linecap="round"
      stroke-linejoin="round"
      stroke-width="2"
      viewBox="0 0 24 24"
      width="24"
      xmlns="http://www.w3.org/2000/svg"
    >
      <path
        d="M9.671 4.136a2.34 2.34 0 0 1 4.659 0 2.34 2.34 0 0 0 3.319 1.915 2.34 2.34 0 0 1 2.33 4.033 2.34 2.34 0 0 0 0 3.831 2.34 2.34 0 0 1-2.33 4.033 2.34 2.34 0 0 0-3.319 1.915 2.34 2.34 0 0 1-4.659 0 2.34 2.34 0 0 0-3.32-1.915 2.34 2.34 0 0 1-2.33-4.033 2.34 2.34 0 0 0 0-3.831A2.34 2.34 0 0 1 6.35 6.051a2.34 2.34 0 0 0 3.319-1.915"
      />
      <circle
        cx="12"
        cy="12"
        r="3"
      />
    </svg>
    Settings
  </button>
</div>
`;

exports[`Popover/Default matches snapshot 1`] = `
<div
  data-base-ui-inert=""
>
  <span
    aria-hidden="true"
    data-base-ui-focus-guard=""
    style="clip-path: inset(50%); overflow: hidden; white-space: nowrap; border: 0px; padding: 0px; width: 1px; height: 1px; margin: -1px; position: fixed; top: 0px; left: 0px;"
    tabindex="0"
  />
  <button
    aria-controls="_r_0_"
    aria-expanded="true"
    aria-haspopup="dialog"
    class="group/button inline-flex shrink-0 items-center justify-center border bg-clip-padding text-sm font-medium whitespace-nowrap transition-all outline-none select-none focus-visible:border-ring focus-visible:ring-3 focus-visible:ring-ring/50 active:not-aria-[haspopup]:translate-y-px disabled:pointer-events-none disabled:opacity-50 aria-invalid:border-destructive aria-invalid:ring-3 aria-invalid:ring-destructive/20 dark:aria-invalid:border-destructive/50 dark:aria-invalid:ring-destructive/40 [&_svg]:pointer-events-none [&_svg]:shrink-0 [&_svg:not([class*='size-'])]:size-4 border-border bg-background shadow-xs hover:bg-muted hover:text-foreground aria-expanded:bg-muted aria-expanded:text-foreground dark:border-input dark:bg-input/30 dark:hover:bg-input/50 h-8 gap-1 rounded-[min(var(--radius-md),10px)] px-2.5 in-data-[slot=button-group]:rounded-md has-data-[icon=inline-end]:pr-1.5 has-data-[icon=inline-start]:pl-1.5"
    data-base-ui-click-trigger=""
    data-popup-open=""
    data-slot="popover-trigger"
    id="base-ui-_r_1_"
    tabindex="0"
    type="button"
  >
    <svg
      aria-hidden="true"
      class="lucide lucide-settings size-4"
      fill="none"
      height="24"
      stroke="currentColor"
      stroke-linecap="round"
      stroke-linejoin="round"
      stroke-width="2"
      viewBox="0 0 24 24"
      width="24"
      xmlns="http://www.w3.org/2000/svg"
    >
      <path
        d="M9.671 4.136a2.34 2.34 0 0 1 4.659 0 2.34 2.34 0 0 0 3.319 1.915 2.34 2.34 0 0 1 2.33 4.033 2.34 2.34 0 0 0 0 3.831 2.34 2.34 0 0 1-2.33 4.033 2.34 2.34 0 0 0-3.319 1.915 2.34 2.34 0 0 1-4.659 0 2.34 2.34 0 0 0-3.32-1.915 2.34 2.34 0 0 1-2.33-4.033 2.34 2.34 0 0 0 0-3.831A2.34 2.34 0 0 1 6.35 6.051a2.34 2.34 0 0 0 3.319-1.915"
      />
      <circle
        cx="12"
        cy="12"
        r="3"
      />
    </svg>
    Settings
  </button>
  <span
    aria-hidden="true"
    data-base-ui-focus-guard=""
    style="clip-path: inset(50%); overflow: hidden; white-space: nowrap; border: 0px; padding: 0px; width: 1px; height: 1px; margin: -1px; position: fixed; top: 0px; left: 0px;"
    tabindex="0"
  />
  <span
    aria-hidden="true"
    data-base-ui-focus-guard=""
    data-type="outside"
    style="clip-path: inset(50%); overflow: hidden; white-space: nowrap; border: 0px; padding: 0px; width: 1px; height: 1px; margin: -1px; position: fixed; top: 0px; left: 0px;"
    tabindex="0"
  />
  <span
    aria-owns="_r_2_"
    style="clip-path: inset(50%); position: fixed; top: 0px; left: 0px;"
  />
  <span
    aria-hidden="true"
    data-base-ui-focus-guard=""
    data-type="outside"
    style="clip-path: inset(50%); overflow: hidden; white-space: nowrap; border: 0px; padding: 0px; width: 1px; height: 1px; margin: -1px; position: fixed; top: 0px; left: 0px;"
    tabindex="0"
  />
</div>
`;
